// Jest Snapshot v1, https://goo.gl/fbAQLP

exports[`should match snapshot 1`] = `
<div
  className="userInfo"
>
  <img
    alt="Profile Picture"
    className="profilePicture user"
    src="https://reviewimagesbucket.s3-us-west-1.amazonaws.com/pexels-photo-825949.jpeg"
  />
  <div
    className="nameAndDate"
  >
    <div
      className="userName"
    >
      Kathryn Russel
    </div>
    <div
      className="date"
    >
      05-14-2021
    </div>
  </div>
</div>
`;
